###############################################################################
#
# IAR ELF Linker V7.70.1.11437/W32 for ARM                21/Nov/2016  12:46:57
# Copyright 2007-2016 IAR Systems AB.
#
#    Output file  =  
#        D:\bananalife\quad\quad\cubemx\quad\EWARM\quad\Exe\quad.out
#    Map file     =  
#        D:\bananalife\quad\quad\cubemx\quad\EWARM\quad\List\quad.map
#    Command line =  
#        D:\bananalife\quad\quad\cubemx\quad\EWARM\quad\Obj\ANO_DT.o
#        D:\bananalife\quad\quad\cubemx\quad\EWARM\quad\Obj\callback.o
#        D:\bananalife\quad\quad\cubemx\quad\EWARM\quad\Obj\control.o
#        D:\bananalife\quad\quad\cubemx\quad\EWARM\quad\Obj\data.o
#        D:\bananalife\quad\quad\cubemx\quad\EWARM\quad\Obj\imuUpdate.o
#        D:\bananalife\quad\quad\cubemx\quad\EWARM\quad\Obj\log.o
#        D:\bananalife\quad\quad\cubemx\quad\EWARM\quad\Obj\main.o
#        D:\bananalife\quad\quad\cubemx\quad\EWARM\quad\Obj\mpu9250.o
#        D:\bananalife\quad\quad\cubemx\quad\EWARM\quad\Obj\MS5611.o
#        D:\bananalife\quad\quad\cubemx\quad\EWARM\quad\Obj\startup_stm32f405xx.o
#        D:\bananalife\quad\quad\cubemx\quad\EWARM\quad\Obj\stm32f4xx_hal.o
#        D:\bananalife\quad\quad\cubemx\quad\EWARM\quad\Obj\stm32f4xx_hal_adc.o
#        D:\bananalife\quad\quad\cubemx\quad\EWARM\quad\Obj\stm32f4xx_hal_adc_ex.o
#        D:\bananalife\quad\quad\cubemx\quad\EWARM\quad\Obj\stm32f4xx_hal_cortex.o
#        D:\bananalife\quad\quad\cubemx\quad\EWARM\quad\Obj\stm32f4xx_hal_dma.o
#        D:\bananalife\quad\quad\cubemx\quad\EWARM\quad\Obj\stm32f4xx_hal_dma_ex.o
#        D:\bananalife\quad\quad\cubemx\quad\EWARM\quad\Obj\stm32f4xx_hal_flash.o
#        D:\bananalife\quad\quad\cubemx\quad\EWARM\quad\Obj\stm32f4xx_hal_flash_ex.o
#        D:\bananalife\quad\quad\cubemx\quad\EWARM\quad\Obj\stm32f4xx_hal_flash_ramfunc.o
#        D:\bananalife\quad\quad\cubemx\quad\EWARM\quad\Obj\stm32f4xx_hal_gpio.o
#        D:\bananalife\quad\quad\cubemx\quad\EWARM\quad\Obj\stm32f4xx_hal_i2c.o
#        D:\bananalife\quad\quad\cubemx\quad\EWARM\quad\Obj\stm32f4xx_hal_i2c_ex.o
#        D:\bananalife\quad\quad\cubemx\quad\EWARM\quad\Obj\stm32f4xx_hal_msp.o
#        D:\bananalife\quad\quad\cubemx\quad\EWARM\quad\Obj\stm32f4xx_hal_pwr.o
#        D:\bananalife\quad\quad\cubemx\quad\EWARM\quad\Obj\stm32f4xx_hal_pwr_ex.o
#        D:\bananalife\quad\quad\cubemx\quad\EWARM\quad\Obj\stm32f4xx_hal_rcc.o
#        D:\bananalife\quad\quad\cubemx\quad\EWARM\quad\Obj\stm32f4xx_hal_rcc_ex.o
#        D:\bananalife\quad\quad\cubemx\quad\EWARM\quad\Obj\stm32f4xx_hal_spi.o
#        D:\bananalife\quad\quad\cubemx\quad\EWARM\quad\Obj\stm32f4xx_hal_tim.o
#        D:\bananalife\quad\quad\cubemx\quad\EWARM\quad\Obj\stm32f4xx_hal_tim_ex.o
#        D:\bananalife\quad\quad\cubemx\quad\EWARM\quad\Obj\stm32f4xx_hal_uart.o
#        D:\bananalife\quad\quad\cubemx\quad\EWARM\quad\Obj\stm32f4xx_it.o
#        D:\bananalife\quad\quad\cubemx\quad\EWARM\quad\Obj\system_stm32f4xx.o
#        --redirect _Printf=_PrintfFull --redirect _Scanf=_ScanfFull -o
#        D:\bananalife\quad\quad\cubemx\quad\EWARM\quad\Exe\quad.out --map
#        D:\bananalife\quad\quad\cubemx\quad\EWARM\quad\List\quad.map --config
#        D:\bananalife\quad\quad\cubemx\quad\EWARM/stm32f405xx_flash.icf
#        --semihosting --entry __iar_program_start "D:\Program Files (x86)\IAR
#        Systems\Embedded Workbench
#        7.5\arm\CMSIS\Lib\IAR\iar_cortexM4lf_math.a" --vfe
#
###############################################################################

*******************************************************************************
*** RUNTIME MODEL ATTRIBUTES
***

CppFlavor                     = *
__Heap_Handler                = Basic
__SystemLibrary               = DLib
__dlib_dynamic_initialization = normal


*******************************************************************************
*** PLACEMENT SUMMARY
***

"A0":  place at 0x08000000 { ro section .intvec };
"P1":  place in [from 0x08000000 to 0x080fffff] { ro };
"P2":  place in [from 0x20000000 to 0x2001ffff] { rw, block CSTACK, block HEAP };
initialize by copy { rw };

  Section             Kind        Address    Size  Object
  -------             ----        -------    ----  ------
"A0":                                       0x188
  .intvec             ro code  0x08000000   0x188  startup_stm32f405xx.o [1]
                             - 0x08000188   0x188

"P1":                                      0x5658
  .text               ro code  0x08000188   0x904  ANO_DT.o [1]
  .text               ro code  0x08000a8c   0x54e  stm32f4xx_hal_uart.o [1]
  .text               ro code  0x08000fdc    0x90  DblToFlt.o [5]
  .text               ro code  0x0800106c    0xac  control.o [1]
  .text               ro code  0x08001118   0x1a2  DblMul.o [5]
  .text               ro code  0x080012bc    0x2c  I32ToDbl.o [5]
  .text               ro code  0x080012e8   0x3fc  stm32f4xx_hal_msp.o [1]
  .text               ro code  0x080016e4   0x390  stm32f4xx_hal_dma.o [1]
  .text               ro code  0x08001a74     0x2  stm32f4xx_hal_uart.o [1]
  .text               ro code  0x08001a78    0x34  callback.o [1]
  .text               ro code  0x08001aac   0x1dc  stm32f4xx_hal_rcc.o [1]
  .text               ro code  0x08001c88   0x4ca  stm32f4xx_hal_tim.o [1]
  .text               ro code  0x08002152    0x42  arm_pid_init_f32.o [4]
  .text               ro code  0x08002194    0xdc  stm32f4xx_hal_cortex.o [1]
  .text               ro code  0x08002270   0x1d8  stm32f4xx_hal_gpio.o [1]
  .text               ro code  0x08002448   0x5c2  main.o [1]
  .text               ro code  0x08002a0c     0xc  stm32f4xx_hal.o [1]
  .text               ro code  0x08002a18    0x28  stm32f4xx_hal.o [1]
  .text               ro code  0x08002a40     0x2  stm32f4xx_hal_tim.o [1]
  .text               ro code  0x08002a44    0x34  stm32f4xx_hal.o [1]
  .text               ro code  0x08002a78   0x270  stm32f4xx_hal_adc.o [1]
  .text               ro code  0x08002ce8    0xdc  stm32f4xx_hal_i2c.o [1]
  .text               ro code  0x08002dc4   0x57e  stm32f4xx_hal_spi.o [1]
  .text               ro code  0x08003344    0x4a  stm32f4xx_hal_tim_ex.o [1]
  .text               ro code  0x08003390   0x48e  mpu9250.o [1]
  .text               ro code  0x08003820   0x448  data.o [1]
  .text               ro code  0x08003c68   0x25c  stm32f4xx_hal_rcc.o [1]
  .text               ro code  0x08003ec4    0x18  stm32f4xx_hal.o [1]
  .text               ro code  0x08003edc     0x6  ABImemclr4.o [6]
  .text               ro code  0x08003ee4    0x4e  FltToDbl.o [5]
  .text               ro code  0x08003f34   0x1b8  imuUpdate.o [1]
  .text               ro code  0x080040ec    0xf4  atan2.o [5]
  .text               ro code  0x080041e0   0x130  asin.o [5]
  .text               ro code  0x08004310    0x90  arm_sin_f32.o [4]
  .text               ro code  0x080043a0    0x80  arm_cos_f32.o [4]
  .text               ro code  0x08004420   0x256  DblDiv.o [5]
  .text               ro code  0x08004678    0x32  ABImemset48.o [6]
  .text               ro code  0x080046ac   0x100  sqrt.o [5]
  .text               ro code  0x080047ac    0x40  xdtest.o [5]
  .text               ro code  0x080047ec    0x2e  DblCmpLe.o [5]
  .text               ro code  0x0800481a    0x2c  copy_init3.o [6]
  .text               ro code  0x08004848   0x1f0  xatan.o [5]
  .text               ro code  0x08004a38   0x180  DblSub.o [5]
  .text               ro code  0x08004bb8    0xe8  DblAdd.o [5]
  .text               ro code  0x08004ca0     0xc  errno.o [3]
  .text               ro code  0x08004cac     0xc  iarEdom.o [6]
  .text               ro code  0x08004cb8    0x2e  DblCmpGe.o [5]
  .text               ro code  0x08004ce6     0x2  xtls.o [3]
  .rodata             const    0x08004ce8   0x804  arm_common_tables.o [4]
  .text               ro code  0x080054ec    0x5c  stm32f4xx_it.o [1]
  .text               ro code  0x08005548    0x10  stm32f4xx_hal.o [1]
  .text               ro code  0x08005558    0x50  system_stm32f4xx.o [1]
  .text               ro code  0x080055a8    0x40  zero_init3.o [6]
  .text               ro code  0x080055e8    0x28  data_init.o [6]
  .text               ro code  0x08005610    0x22  fpinit_M.o [5]
  .iar.init_table     const    0x08005634    0x24  - Linker created -
  .text               ro code  0x08005658    0x1a  cmain.o [6]
  .text               ro code  0x08005672     0x4  low_level_init.o [3]
  .text               ro code  0x08005676     0x4  exit.o [3]
  .text               ro code  0x0800567c     0xa  cexit.o [6]
  .text               ro code  0x08005688    0x14  exit.o [7]
  .text               ro code  0x0800569c    0x10  startup_stm32f405xx.o [1]
  .text               ro code  0x080056ac     0xc  cstartup_M.o [6]
  Initializer bytes   const    0x080056b8     0x8  <for P2-1>
  .text               ro code  0x080056c0     0x4  startup_stm32f405xx.o [1]
  .text               ro code  0x080056c4     0x4  startup_stm32f405xx.o [1]
  .text               ro code  0x080056c8     0x4  startup_stm32f405xx.o [1]
  .text               ro code  0x080056cc     0x4  startup_stm32f405xx.o [1]
  .text               ro code  0x080056d0     0x4  startup_stm32f405xx.o [1]
  .text               ro code  0x080056d4     0x4  startup_stm32f405xx.o [1]
  .text               ro code  0x080056d8     0x4  startup_stm32f405xx.o [1]
  .text               ro code  0x080056dc     0x4  startup_stm32f405xx.o [1]
  .text               ro code  0x080056e0     0x4  startup_stm32f405xx.o [1]
  .text               ro code  0x080056e4     0x4  startup_stm32f405xx.o [1]
  .text               ro code  0x080056e8     0x4  startup_stm32f405xx.o [1]
  .text               ro code  0x080056ec     0x4  startup_stm32f405xx.o [1]
  .text               ro code  0x080056f0     0x4  startup_stm32f405xx.o [1]
  .text               ro code  0x080056f4     0x4  startup_stm32f405xx.o [1]
  .text               ro code  0x080056f8     0x4  startup_stm32f405xx.o [1]
  .text               ro code  0x080056fc     0x4  startup_stm32f405xx.o [1]
  .text               ro code  0x08005700     0x4  startup_stm32f405xx.o [1]
  .text               ro code  0x08005704     0x4  startup_stm32f405xx.o [1]
  .text               ro code  0x08005708     0x4  startup_stm32f405xx.o [1]
  .text               ro code  0x0800570c     0x4  startup_stm32f405xx.o [1]
  .text               ro code  0x08005710     0x4  startup_stm32f405xx.o [1]
  .text               ro code  0x08005714     0x4  startup_stm32f405xx.o [1]
  .text               ro code  0x08005718     0x4  startup_stm32f405xx.o [1]
  .text               ro code  0x0800571c     0x4  startup_stm32f405xx.o [1]
  .text               ro code  0x08005720     0x4  startup_stm32f405xx.o [1]
  .text               ro code  0x08005724     0x4  startup_stm32f405xx.o [1]
  .text               ro code  0x08005728     0x4  startup_stm32f405xx.o [1]
  .text               ro code  0x0800572c     0x4  startup_stm32f405xx.o [1]
  .text               ro code  0x08005730     0x4  startup_stm32f405xx.o [1]
  .text               ro code  0x08005734     0x4  startup_stm32f405xx.o [1]
  .text               ro code  0x08005738     0x4  startup_stm32f405xx.o [1]
  .text               ro code  0x0800573c     0x4  startup_stm32f405xx.o [1]
  .text               ro code  0x08005740     0x4  startup_stm32f405xx.o [1]
  .text               ro code  0x08005744     0x4  startup_stm32f405xx.o [1]
  .text               ro code  0x08005748     0x4  startup_stm32f405xx.o [1]
  .text               ro code  0x0800574c     0x4  startup_stm32f405xx.o [1]
  .text               ro code  0x08005750     0x4  startup_stm32f405xx.o [1]
  .text               ro code  0x08005754     0x4  startup_stm32f405xx.o [1]
  .text               ro code  0x08005758     0x4  startup_stm32f405xx.o [1]
  .text               ro code  0x0800575c     0x4  startup_stm32f405xx.o [1]
  .text               ro code  0x08005760     0x4  startup_stm32f405xx.o [1]
  .text               ro code  0x08005764     0x4  startup_stm32f405xx.o [1]
  .text               ro code  0x08005768     0x4  startup_stm32f405xx.o [1]
  .text               ro code  0x0800576c     0x4  startup_stm32f405xx.o [1]
  .text               ro code  0x08005770     0x4  startup_stm32f405xx.o [1]
  .text               ro code  0x08005774     0x4  startup_stm32f405xx.o [1]
  .text               ro code  0x08005778     0x4  startup_stm32f405xx.o [1]
  .text               ro code  0x0800577c     0x4  startup_stm32f405xx.o [1]
  .text               ro code  0x08005780     0x4  startup_stm32f405xx.o [1]
  .text               ro code  0x08005784     0x4  startup_stm32f405xx.o [1]
  .text               ro code  0x08005788     0x4  startup_stm32f405xx.o [1]
  .text               ro code  0x0800578c     0x4  startup_stm32f405xx.o [1]
  .text               ro code  0x08005790     0x4  startup_stm32f405xx.o [1]
  .text               ro code  0x08005794     0x4  startup_stm32f405xx.o [1]
  .text               ro code  0x08005798     0x4  startup_stm32f405xx.o [1]
  .text               ro code  0x0800579c     0x4  startup_stm32f405xx.o [1]
  .text               ro code  0x080057a0     0x4  startup_stm32f405xx.o [1]
  .text               ro code  0x080057a4     0x4  startup_stm32f405xx.o [1]
  .text               ro code  0x080057a8     0x4  startup_stm32f405xx.o [1]
  .text               ro code  0x080057ac     0x4  startup_stm32f405xx.o [1]
  .text               ro code  0x080057b0     0x4  startup_stm32f405xx.o [1]
  .text               ro code  0x080057b4     0x4  startup_stm32f405xx.o [1]
  .text               ro code  0x080057b8     0x4  startup_stm32f405xx.o [1]
  .text               ro code  0x080057bc     0x4  startup_stm32f405xx.o [1]
  .text               ro code  0x080057c0     0x4  startup_stm32f405xx.o [1]
  .text               ro code  0x080057c4     0x4  startup_stm32f405xx.o [1]
  .text               ro code  0x080057c8     0x4  startup_stm32f405xx.o [1]
  .text               ro code  0x080057cc     0x4  startup_stm32f405xx.o [1]
  .text               ro code  0x080057d0     0x4  startup_stm32f405xx.o [1]
  .text               ro code  0x080057d4     0x4  startup_stm32f405xx.o [1]
  .text               ro code  0x080057d8     0x4  startup_stm32f405xx.o [1]
  .text               ro code  0x080057dc     0x4  startup_stm32f405xx.o [1]
  .rodata             const    0x080057e0     0x0  zero_init3.o [6]
  .rodata             const    0x080057e0     0x0  copy_init3.o [6]
                             - 0x080057e0  0x5658

"P2", part 1 of 3:                            0x8
  P2-1                         0x20000000     0x8  <Init block>
    .data             inited   0x20000000     0x4  system_stm32f4xx.o [1]
    __DLIB_PERTHREAD  inited   0x20000004     0x4  errno.o [3]
                             - 0x20000008     0x8

"P2", part 2 of 3:                          0x400
  CSTACK                       0x20000008   0x400  <Block>
    CSTACK            uninit   0x20000008   0x400  <Block tail>
                             - 0x20000408   0x400

"P2", part 3 of 3:                          0x5b0
  .bss                zero     0x20000408   0x2c9  main.o [1]
  .bss                zero     0x200006d4    0xe8  control.o [1]
  .bss                zero     0x200007bc    0x60  main.o [1]
  .bss                zero     0x2000081c    0x60  main.o [1]
  .bss                zero     0x2000087c    0x60  main.o [1]
  .bss                zero     0x200008dc    0x44  data.o [1]
  .bss                zero     0x20000920    0x37  ANO_DT.o [1]
  .bss                zero     0x20000958    0x34  ANO_DT.o [1]
  .bss                zero     0x2000098c    0x11  ANO_DT.o [1]
  .bss                zero     0x200009a0     0xc  imuUpdate.o [1]
  .bss                zero     0x200009ac     0x8  mpu9250.o [1]
  .bss                zero     0x200009b4     0x4  stm32f4xx_hal.o [1]
                             - 0x200009b8   0x5b0


*******************************************************************************
*** INIT TABLE
***

          Address     Size
          -------     ----
Zero (__iar_zero_init3)
    1 destination range, total size 0x5b0:
          0x20000408  0x5b0

Copy (__iar_copy_init3)
    1 source range, total size 0x8:
          0x080056b8    0x8
    1 destination range, total size 0x8:
          0x20000000    0x8



*******************************************************************************
*** MODULE SUMMARY
***

    Module                  ro code  ro data  rw data
    ------                  -------  -------  -------
D:\bananalife\quad\quad\cubemx\quad\EWARM\quad\Obj: [1]
    ANO_DT.o                  2 308               124
    callback.o                   52
    control.o                   172               232
    data.o                    1 096                68
    imuUpdate.o                 440                12
    main.o                    1 474             1 001
    mpu9250.o                 1 166                 8
    startup_stm32f405xx.o       696
    stm32f4xx_hal.o             144                 4
    stm32f4xx_hal_adc.o         624
    stm32f4xx_hal_cortex.o      220
    stm32f4xx_hal_dma.o         912
    stm32f4xx_hal_gpio.o        472
    stm32f4xx_hal_i2c.o         220
    stm32f4xx_hal_msp.o       1 020
    stm32f4xx_hal_rcc.o       1 080
    stm32f4xx_hal_spi.o       1 406
    stm32f4xx_hal_tim.o       1 228
    stm32f4xx_hal_tim_ex.o       74
    stm32f4xx_hal_uart.o      1 360
    stm32f4xx_it.o               92
    system_stm32f4xx.o           80        4        4
    -------------------------------------------------
    Total:                   16 336        4    1 453

command line: [2]
    -------------------------------------------------
    Total:

dl7M_tlf.a: [3]
    errno.o                      12        4        4
    exit.o                        4
    low_level_init.o              4
    xtls.o                        2
    -------------------------------------------------
    Total:                       22        4        4

iar_cortexM4lf_math.a: [4]
    arm_common_tables.o                2 052
    arm_cos_f32.o               128
    arm_pid_init_f32.o           66
    arm_sin_f32.o               144
    -------------------------------------------------
    Total:                      338    2 052

m7M_tls.a: [5]
    DblAdd.o                    232
    DblCmpGe.o                   46
    DblCmpLe.o                   46
    DblDiv.o                    598
    DblMul.o                    418
    DblSub.o                    384
    DblToFlt.o                  144
    FltToDbl.o                   78
    I32ToDbl.o                   44
    asin.o                      304
    atan2.o                     244
    fpinit_M.o                   34
    sqrt.o                      256
    xatan.o                     496
    xdtest.o                     64
    -------------------------------------------------
    Total:                    3 388

rt7M_tl.a: [6]
    ABImemclr4.o                  6
    ABImemset48.o                50
    cexit.o                      10
    cmain.o                      26
    copy_init3.o                 44
    cstartup_M.o                 12
    data_init.o                  40
    iarEdom.o                    12
    zero_init3.o                 64
    -------------------------------------------------
    Total:                      264

shb_l.a: [7]
    exit.o                       20
    -------------------------------------------------
    Total:                       20

    Gaps                         30        2        7
    Linker created                        36    1 024
-----------------------------------------------------
    Grand Total:             20 398    2 098    2 488


*******************************************************************************
*** ENTRY LIST
***

Entry                      Address   Size  Type      Object
-----                      -------   ----  ----      ------
.iar.init_table$$Base   0x08005634          --   Gb  - Linker created -
.iar.init_table$$Limit  0x08005658          --   Gb  - Linker created -
?main                   0x08005659         Code  Gb  cmain.o [6]
ADC_Init                0x08002bed   0xe8  Code  Lc  stm32f4xx_hal_adc.o [1]
ANO_DT_Data_Exchange    0x08000189  0x1ce  Code  Gb  ANO_DT.o [1]
ANO_DT_Data_Exchange::cnt
                        0x2000099c    0x1  Data  Lc  ANO_DT.o [1]
ANO_DT_Data_Receive_Anl
                        0x0800044d  0x1f6  Code  Gb  ANO_DT.o [1]
ANO_DT_Data_Receive_Prepare
                        0x080003c3   0x88  Code  Gb  ANO_DT.o [1]
ANO_DT_Data_Receive_Prepare::RxBuffer
                        0x20000920   0x34  Data  Lc  ANO_DT.o [1]
ANO_DT_Data_Receive_Prepare::_data_cnt
                        0x20000955    0x1  Data  Lc  ANO_DT.o [1]
ANO_DT_Data_Receive_Prepare::_data_len
                        0x20000954    0x1  Data  Lc  ANO_DT.o [1]
ANO_DT_Data_Receive_Prepare::state
                        0x20000956    0x1  Data  Lc  ANO_DT.o [1]
ANO_DT_Send_Check       0x08000395   0x2e  Code  Lc  ANO_DT.o [1]
ANO_DT_Send_Data        0x08000389    0xc  Code  Gb  ANO_DT.o [1]
ANO_DT_Send_MotoPWM     0x08000883   0x92  Code  Gb  ANO_DT.o [1]
ANO_DT_Send_PID         0x0800091d  0x130  Code  Gb  ANO_DT.o [1]
ANO_DT_Send_Power       0x08000833   0x50  Code  Gb  ANO_DT.o [1]
ANO_DT_Send_Senser      0x08000775   0xb4  Code  Gb  ANO_DT.o [1]
ANO_DT_Send_Status      0x080006c5   0xa6  Code  Gb  ANO_DT.o [1]
ANO_DT_Send_Version     0x08000663   0x60  Code  Gb  ANO_DT.o [1]
APBAHBPrescTable        0x08001c24   0x10  Data  Gb  stm32f4xx_hal_rcc.o [1]
BusFault_Handler        0x080054f3    0x2  Code  Gb  stm32f4xx_it.o [1]
CSTACK$$Base            0x20000008          --   Gb  - Linker created -
CSTACK$$Limit           0x20000408          --   Gb  - Linker created -
Chip_DeSelect           0x0800350f    0x2  Code  Lc  mpu9250.o [1]
Chip_Select             0x0800350b    0x4  Code  Lc  mpu9250.o [1]
DMA1_Stream3_IRQHandler
                        0x0800550b    0x6  Code  Gb  stm32f4xx_it.o [1]
DMA1_Stream4_IRQHandler
                        0x08005511    0x6  Code  Gb  stm32f4xx_it.o [1]
DMA2_Stream7_IRQHandler
                        0x08005529    0x6  Code  Gb  stm32f4xx_it.o [1]
DMA_CalcBaseAndBitshift
                        0x08001a47   0x26  Code  Lc  stm32f4xx_hal_dma.o [1]
DMA_CalcBaseAndBitshift::flagBitshiftOffset
                        0x08001a6c    0x8  Data  Lc  stm32f4xx_hal_dma.o [1]
DMA_SetConfig           0x08001a29   0x1e  Code  Lc  stm32f4xx_hal_dma.o [1]
Data                    0x20000900   0x20  Data  Gb  data.o [1]
DataInit                0x08003821   0x98  Code  Gb  data.o [1]
DebugMon_Handler        0x080054f9    0x2  Code  Gb  stm32f4xx_it.o [1]
Error_Handler           0x08002a09    0x2  Code  Gb  main.o [1]
Euler2Quat              0x08003a1f   0xf2  Code  Lc  data.o [1]
HAL_ADC_ConfigChannel   0x08002ac9  0x10c  Code  Gb  stm32f4xx_hal_adc.o [1]
HAL_ADC_Init            0x08002a79   0x50  Code  Gb  stm32f4xx_hal_adc.o [1]
HAL_ADC_MspInit         0x08001349   0x40  Code  Gb  stm32f4xx_hal_msp.o [1]
HAL_DMA_Abort_IT        0x08001847   0x24  Code  Gb  stm32f4xx_hal_dma.o [1]
HAL_DMA_IRQHandler      0x0800186b  0x18c  Code  Gb  stm32f4xx_hal_dma.o [1]
HAL_DMA_Init            0x080016e5   0xe6  Code  Gb  stm32f4xx_hal_dma.o [1]
HAL_DMA_Start_IT        0x080017cb   0x64  Code  Gb  stm32f4xx_hal_dma.o [1]
HAL_Delay               0x08003ec5   0x18  Code  Wk  stm32f4xx_hal.o [1]
HAL_GPIO_Init           0x08002271  0x1a4  Code  Gb  stm32f4xx_hal_gpio.o [1]
HAL_GPIO_WritePin       0x08002415    0x8  Code  Gb  stm32f4xx_hal_gpio.o [1]
HAL_GetTick             0x08002a0d    0xc  Code  Wk  stm32f4xx_hal.o [1]
HAL_I2C_Init            0x08002ce9   0xc4  Code  Gb  stm32f4xx_hal_i2c.o [1]
HAL_I2C_MspInit         0x08001389   0x4a  Code  Gb  stm32f4xx_hal_msp.o [1]
HAL_IncTick             0x08005549   0x10  Code  Wk  stm32f4xx_hal.o [1]
HAL_Init                0x08002a45   0x30  Code  Gb  stm32f4xx_hal.o [1]
HAL_InitTick            0x08002a19   0x28  Code  Wk  stm32f4xx_hal.o [1]
HAL_MspInit             0x080012e9   0x60  Code  Gb  stm32f4xx_hal_msp.o [1]
HAL_NVIC_EnableIRQ      0x08002203    0xc  Code  Gb  stm32f4xx_hal_cortex.o [1]
HAL_NVIC_SetPriority    0x080021c9   0x3a  Code  Gb  stm32f4xx_hal_cortex.o [1]
HAL_NVIC_SetPriorityGrouping
                        0x080021af   0x1a  Code  Gb  stm32f4xx_hal_cortex.o [1]
HAL_RCC_ClockConfig     0x08001aad  0x12c  Code  Gb  stm32f4xx_hal_rcc.o [1]
HAL_RCC_GetHCLKFreq     0x08001be7    0x6  Code  Gb  stm32f4xx_hal_rcc.o [1]
HAL_RCC_GetPCLK1Freq    0x08001bed   0x12  Code  Gb  stm32f4xx_hal_rcc.o [1]
HAL_RCC_GetPCLK2Freq    0x08001bff   0x10  Code  Gb  stm32f4xx_hal_rcc.o [1]
HAL_RCC_GetSysClockFreq
                        0x08001c35   0x54  Code  Wk  stm32f4xx_hal_rcc.o [1]
HAL_RCC_OscConfig       0x08003c69  0x25c  Code  Wk  stm32f4xx_hal_rcc.o [1]
HAL_SPI_Init            0x08002dc5   0x76  Code  Gb  stm32f4xx_hal_spi.o [1]
HAL_SPI_MspInit         0x080013f1   0x68  Code  Gb  stm32f4xx_hal_msp.o [1]
HAL_SPI_Receive         0x08002f6f  0x11a  Code  Gb  stm32f4xx_hal_spi.o [1]
HAL_SPI_Transmit        0x08002e47  0x128  Code  Gb  stm32f4xx_hal_spi.o [1]
HAL_SPI_TransmitReceive
                        0x08003089  0x18e  Code  Gb  stm32f4xx_hal_spi.o [1]
HAL_SYSTICK_CLKSourceConfig
                        0x0800223f   0x14  Code  Gb  stm32f4xx_hal_cortex.o [1]
HAL_SYSTICK_Callback    0x08001aa9    0x4  Code  Gb  callback.o [1]
HAL_SYSTICK_Config      0x08002217   0x28  Code  Gb  stm32f4xx_hal_cortex.o [1]
HAL_SYSTICK_IRQHandler  0x0800226d    0x4  Code  Gb  stm32f4xx_hal_cortex.o [1]
HAL_TIMEx_MasterConfigSynchronization
                        0x08003345   0x4a  Code  Gb  stm32f4xx_hal_tim_ex.o [1]
HAL_TIM_Base_Init       0x08001c89   0x1a  Code  Gb  stm32f4xx_hal_tim.o [1]
HAL_TIM_Base_MspInit    0x0800146d   0x5a  Code  Gb  stm32f4xx_hal_msp.o [1]
HAL_TIM_ConfigClockSource
                        0x08001df5   0xa8  Code  Gb  stm32f4xx_hal_tim.o [1]
HAL_TIM_MspPostInit     0x080014c7   0x50  Code  Gb  stm32f4xx_hal_msp.o [1]
HAL_TIM_PWM_ConfigChannel
                        0x08001d1d   0xb8  Code  Gb  stm32f4xx_hal_tim.o [1]
HAL_TIM_PWM_Init        0x08001ccd   0x1a  Code  Gb  stm32f4xx_hal_tim.o [1]
HAL_TIM_PWM_MspInit     0x08002a41    0x2  Code  Wk  stm32f4xx_hal_tim.o [1]
HAL_TIM_PWM_Start       0x08001cef   0x14  Code  Gb  stm32f4xx_hal_tim.o [1]
HAL_UART_ErrorCallback  0x08001a75    0x2  Code  Wk  stm32f4xx_hal_uart.o [1]
HAL_UART_IRQHandler     0x08000bc3  0x14e  Code  Gb  stm32f4xx_hal_uart.o [1]
HAL_UART_Init           0x08000a8d   0x28  Code  Gb  stm32f4xx_hal_uart.o [1]
HAL_UART_MspInit        0x0800153b  0x126  Code  Gb  stm32f4xx_hal_msp.o [1]
HAL_UART_Receive_IT     0x08000afb   0x4a  Code  Gb  stm32f4xx_hal_uart.o [1]
HAL_UART_RxCpltCallback
                        0x08001a7d   0x24  Code  Gb  callback.o [1]
HAL_UART_Transmit_DMA   0x08000b4b   0x78  Code  Gb  stm32f4xx_hal_uart.o [1]
HAL_UART_TxCpltCallback
                        0x08001a79    0x2  Code  Gb  callback.o [1]
HAL_UART_TxHalfCpltCallback
                        0x08001a7b    0x2  Code  Gb  callback.o [1]
HardFault_Handler       0x080054ef    0x2  Code  Gb  stm32f4xx_it.o [1]
IMUupdate               0x08003f35  0x176  Code  Gb  imuUpdate.o [1]
MPU9250_AK8963_ASA      0x200009ac    0x8  Data  Lc  mpu9250.o [1]
MPU9250_AK8963_SPIx_Reads
                        0x080035d7   0x66  Code  Gb  mpu9250.o [1]
MPU9250_AK8963_SPIx_Write
                        0x0800364d   0x74  Code  Gb  mpu9250.o [1]
MPU9250_Get9AxisRawData
                        0x080036fb   0x9c  Code  Gb  mpu9250.o [1]
MPU9250_Init            0x08003391  0x160  Code  Gb  mpu9250.o [1]
MPU9250_SPIx_Read       0x0800355d   0x3e  Code  Gb  mpu9250.o [1]
MPU9250_SPIx_Reads      0x0800359b   0x28  Code  Gb  mpu9250.o [1]
MPU9250_SPIx_Write      0x0800351b   0x22  Code  Gb  mpu9250.o [1]
MPU9250_SPIx_Writes     0x0800353d   0x20  Code  Gb  mpu9250.o [1]
MX_GPIO_Init            0x080028b1   0xea  Code  Lc  main.o [1]
MemManage_Handler       0x080054f1    0x2  Code  Gb  stm32f4xx_it.o [1]
MotorInit               0x0800106d   0x28  Code  Gb  control.o [1]
NMI_Handler             0x080054ed    0x2  Code  Gb  stm32f4xx_it.o [1]
NVIC_SetPriority        0x08002195   0x1a  Code  Lc  stm32f4xx_hal_cortex.o [1]
PendSV_Handler          0x080054fb    0x2  Code  Gb  stm32f4xx_it.o [1]
PidUpate                0x080010c1   0x44  Code  Gb  control.o [1]
Quat2Euler              0x080038c9  0x136  Code  Lc  data.o [1]
Region$$Table$$Base     0x08005634          --   Gb  - Linker created -
Region$$Table$$Limit    0x08005658          --   Gb  - Linker created -
SPI_CheckFlag_BSY       0x08003323   0x20  Code  Lc  stm32f4xx_hal_spi.o [1]
SPI_WaitFlagStateUntilTimeout
                        0x08003299   0x8a  Code  Lc  stm32f4xx_hal_spi.o [1]
SVC_Handler             0x080054f7    0x2  Code  Gb  stm32f4xx_it.o [1]
SensorData              0x200008dc   0x24  Data  Lc  data.o [1]
SysTick_Handler         0x080054fd    0xe  Code  Gb  stm32f4xx_it.o [1]
SystemClock_Config      0x08002805   0xac  Code  Gb  main.o [1]
SystemCoreClock         0x20000000    0x4  Data  Gb  system_stm32f4xx.o [1]
SystemInit              0x08005559   0x3a  Code  Gb  system_stm32f4xx.o [1]
TIM_Base_SetConfig      0x08001ec5   0x90  Code  Gb  stm32f4xx_hal_tim.o [1]
TIM_CCxChannelCmd       0x08001fa9   0x18  Code  Gb  stm32f4xx_hal_tim.o [1]
TIM_ETR_SetConfig       0x0800213f   0x14  Code  Lc  stm32f4xx_hal_tim.o [1]
TIM_ITRx_SetConfig      0x0800212f   0x10  Code  Lc  stm32f4xx_hal_tim.o [1]
TIM_OC1_SetConfig       0x08001fc1   0x4a  Code  Lc  stm32f4xx_hal_tim.o [1]
TIM_OC2_SetConfig       0x08001f57   0x52  Code  Gb  stm32f4xx_hal_tim.o [1]
TIM_OC3_SetConfig       0x08002017   0x56  Code  Lc  stm32f4xx_hal_tim.o [1]
TIM_OC4_SetConfig       0x08002073   0x46  Code  Lc  stm32f4xx_hal_tim.o [1]
TIM_TI1_ConfigInputStage
                        0x080020e9   0x22  Code  Lc  stm32f4xx_hal_tim.o [1]
TIM_TI2_ConfigInputStage
                        0x0800210b   0x24  Code  Lc  stm32f4xx_hal_tim.o [1]
UART4_IRQHandler        0x08005523    0x6  Code  Gb  stm32f4xx_it.o [1]
UART_DMAAbortOnError    0x08000dc9    0xc  Code  Lc  stm32f4xx_hal_uart.o [1]
UART_DMAError           0x08000d4d   0x4a  Code  Lc  stm32f4xx_hal_uart.o [1]
UART_DMATransmitCplt    0x08000d1d   0x28  Code  Lc  stm32f4xx_hal_uart.o [1]
UART_DMATxHalfCplt      0x08000d45    0x6  Code  Lc  stm32f4xx_hal_uart.o [1]
UART_EndRxTransfer      0x08000da9   0x1c  Code  Lc  stm32f4xx_hal_uart.o [1]
UART_EndTxTransfer      0x08000d97   0x12  Code  Lc  stm32f4xx_hal_uart.o [1]
UART_Receive_IT         0x08000dd5   0x88  Code  Lc  stm32f4xx_hal_uart.o [1]
UART_SetConfig          0x08000e5d  0x13a  Code  Lc  stm32f4xx_hal_uart.o [1]
USART1_IRQHandler       0x08005517    0x6  Code  Gb  stm32f4xx_it.o [1]
USART3_IRQHandler       0x0800551d    0x6  Code  Gb  stm32f4xx_it.o [1]
UpdateData              0x080038b9   0x10  Code  Gb  data.o [1]
UpdateSensorData        0x08003b2d   0xec  Code  Gb  data.o [1]
UsageFault_Handler      0x080054f5    0x2  Code  Gb  stm32f4xx_it.o [1]
__aeabi_cdcmple         0x080047ed         Code  Gb  DblCmpLe.o [5]
__aeabi_cdrcmple        0x08004cb9         Code  Gb  DblCmpGe.o [5]
__aeabi_d2f             0x08000fdd         Code  Gb  DblToFlt.o [5]
__aeabi_dadd            0x08004bb9         Code  Gb  DblAdd.o [5]
__aeabi_ddiv            0x08004421         Code  Gb  DblDiv.o [5]
__aeabi_dmul            0x08001119         Code  Gb  DblMul.o [5]
__aeabi_dsub            0x08004a39         Code  Gb  DblSub.o [5]
__aeabi_errno_addr      0x08004ca1    0x6  Code  Gb  errno.o [3]
__aeabi_f2d             0x08003ee5         Code  Gb  FltToDbl.o [5]
__aeabi_i2d             0x080012bd         Code  Gb  I32ToDbl.o [5]
__aeabi_memclr4         0x08003edd         Code  Gb  ABImemclr4.o [6]
__cmain                 0x08005659         Code  Gb  cmain.o [6]
__exit                  0x08005689   0x14  Code  Gb  exit.o [7]
__iar_Atan              0x08004849  0x158  Code  Gb  xatan.o [5]
__iar_Dtest             0x080047ad   0x30  Code  Gb  xdtest.o [5]
__iar_Errno             0x20000004    0x4  Data  Gb  errno.o [3]
__iar_Memset4_word      0x08004679         Code  Gb  ABImemset48.o [6]
__iar_Memset8_word      0x08004679         Code  Gb  ABImemset48.o [6]
__iar_copy_init3        0x0800481b   0x2c  Code  Gb  copy_init3.o [6]
__iar_dadd              0x08004bcd         Code  Gb  DblAdd.o [5]
__iar_data_init3        0x080055e9   0x28  Code  Gb  data_init.o [6]
__iar_dlib_perthread_access
                        0x08004ce7    0x2  Code  Gb  xtls.o [3]
__iar_dsub              0x08004a4d         Code  Gb  DblSub.o [5]
__iar_dsubStart         0x08004a5f         Code  Gb  DblSub.o [5]
__iar_edom              0x08004cad         Code  Gb  iarEdom.o [6]
__iar_init_vfp          0x08005611         Code  Gb  fpinit_M.o [5]
__iar_program_start     0x080056ad         Code  Gb  cstartup_M.o [6]
__iar_sqrt              0x080046bd         Code  Gb  sqrt.o [5]
__iar_ui2d              0x080012d1         Code  Gb  I32ToDbl.o [5]
__iar_vfp_asin          0x08004301   0x10  Code  Gb  asin.o [5]
__iar_vfp_atan2         0x080041cd   0x14  Code  Gb  atan2.o [5]
__iar_vfp_sqrt          0x080046ad         Code  Gb  sqrt.o [5]
__iar_vfp_sqrtl         0x080046ad         Code  Gb  sqrt.o [5]
__iar_zero_init3        0x080055a9   0x40  Code  Gb  zero_init3.o [6]
__low_level_init        0x08005673    0x4  Code  Gb  low_level_init.o [3]
__vector_table          0x08000000         Data  Gb  startup_stm32f405xx.o [1]
_call_main              0x08005665         Code  Gb  cmain.o [6]
_exit                   0x0800567d         Code  Gb  cexit.o [6]
_main                   0x0800566f         Code  Gb  cmain.o [6]
a                       0x080049f8   0x40  Data  Lc  xatan.o [5]
arm_cos_f32             0x080043a1   0x80  Code  Gb  arm_cos_f32.o [4]
arm_pid_init_f32        0x08002153   0x42  Code  Gb  arm_pid_init_f32.o [4]
arm_sin_f32             0x08004311   0x90  Code  Gb  arm_sin_f32.o [4]
asin                    0x080041e1  0x10c  Code  Gb  asin.o [5]
atan2                   0x080040ed   0xd0  Code  Gb  atan2.o [5]
b                       0x200006d0    0x1  Data  Gb  main.o [1]
ctrl                    0x200006d4   0x10  Data  Gb  control.o [1]
data_to_send            0x20000958   0x34  Data  Gb  ANO_DT.o [1]
exInt                   0x200009a0    0x4  Data  Lc  imuUpdate.o [1]
exit                    0x08005677    0x4  Code  Gb  exit.o [3]
eyInt                   0x200009a4    0x4  Data  Lc  imuUpdate.o [1]
ezInt                   0x200009a8    0x4  Data  Lc  imuUpdate.o [1]
f                       0x2000098c   0x10  Data  Gb  ANO_DT.o [1]
hadc1                   0x20000408   0x48  Data  Gb  main.o [1]
hdma_uart4_tx           0x200007bc   0x60  Data  Gb  main.o [1]
hdma_usart1_tx          0x2000081c   0x60  Data  Gb  main.o [1]
hdma_usart3_tx          0x2000087c   0x60  Data  Gb  main.o [1]
hi2c3                   0x20000500   0x54  Data  Gb  main.o [1]
hspi1                   0x20000450   0x58  Data  Gb  main.o [1]
hspi2                   0x200004a8   0x58  Data  Gb  main.o [1]
htim3                   0x20000614   0x3c  Data  Gb  main.o [1]
htim4                   0x20000650   0x3c  Data  Gb  main.o [1]
htim5                   0x2000068c   0x3c  Data  Gb  main.o [1]
huart1                  0x20000594   0x40  Data  Gb  main.o [1]
huart3                  0x200005d4   0x40  Data  Gb  main.o [1]
huart4                  0x20000554   0x40  Data  Gb  main.o [1]
invSqrt                 0x080040ab   0x2e  Code  Gb  imuUpdate.o [1]
main                    0x08002449  0x362  Code  Gb  main.o [1]
main::pass1tick         0x200006c8    0x4  Data  Lc  main.o [1]
main::pass2tick         0x200006cc    0x4  Data  Lc  main.o [1]
pp_pitch                0x20000750   0x24  Data  Gb  control.o [1]
pp_roll                 0x20000774   0x24  Data  Gb  control.o [1]
pp_yaw                  0x20000798   0x24  Data  Gb  control.o [1]
sinTable_f32            0x08004ce8  0x804  Data  Gb  arm_common_tables.o [4]
sp_pitch                0x200006e4   0x24  Data  Gb  control.o [1]
sp_roll                 0x20000708   0x24  Data  Gb  control.o [1]
sp_yaw                  0x2000072c   0x24  Data  Gb  control.o [1]
sqrt                    0x080046bd         Code  Gb  sqrt.o [5]
sqrtl                   0x080046bd         Code  Gb  sqrt.o [5]
throttle                0x08001095   0x2c  Code  Gb  control.o [1]
uwTick                  0x200009b4    0x4  Data  Gb  stm32f4xx_hal.o [1]


[1] = D:\bananalife\quad\quad\cubemx\quad\EWARM\quad\Obj
[2] = command line
[3] = dl7M_tlf.a
[4] = iar_cortexM4lf_math.a
[5] = m7M_tls.a
[6] = rt7M_tl.a
[7] = shb_l.a

  20 398 bytes of readonly  code memory
   2 098 bytes of readonly  data memory
   2 488 bytes of readwrite data memory

Errors: none
Warnings: none
